<!DOCTYPE html PUBLIC "-//W3C//DTD XHTML 1.0 Transitional//EN" "http://www.w3.org/TR/xhtml1/DTD/xhtml1-transitional.dtd">

<html xmlns="http://www.w3.org/1999/xhtml">
<head>
<meta http-equiv="Content-Type" content="text/html; charset=utf-8" />
<meta name="generator" content="http://www.movabletype.org/" />

<title>avocado8: Not The Answer I Expected</title>

<link rel="stylesheet" href="/blog/archive_blogstyles.css" type="text/css" />
<link rel="stylesheet" href="/blog/shared_blogstyles.css" type="text/css" />




<link rel="start" href="http://www.avocado8.com/blog/" title="Home" />
<link rel="prev" href="http://www.avocado8.com/blog/archives/2008/02/counting_1_2_3.html" title="Counting, 1, 2, 3" />

<link rel="next" href="http://www.avocado8.com/blog/archives/2008/02/updates_from_beanerworld.html" title="Updates From Beanerworld" />


<script type="text/javascript" src="/blog/media.js"></script>


<!--
<rdf:RDF xmlns:rdf="http://www.w3.org/1999/02/22-rdf-syntax-ns#"
         xmlns:trackback="http://madskills.com/public/xml/rss/module/trackback/"
         xmlns:dc="http://purl.org/dc/elements/1.1/">
<rdf:Description
    rdf:about="http://www.avocado8.com/blog/archives/2008/02/not_the_answer_i_expected.html"
    trackback:ping="http://www.avocado8.com/mt/mt-tb.cgi/1396"
    dc:title="Not The Answer I Expected"
    dc:identifier="http://www.avocado8.com/blog/archives/2008/02/not_the_answer_i_expected.html"
    dc:subject="parenthood"
    dc:description=" The Beaner approaches with his sneakers on his hands, clapping them together...."
    dc:creator=""
    dc:date="2008-02-21T07:41:01-05:00" />
</rdf:RDF>
-->


</head>

<body>

<div id="menu">
<a href="http://www.avocado8.com/blog/archives/2008/02/counting_1_2_3.html">&laquo; Counting, 1, 2, 3</a> |

<a href="http://www.avocado8.com/blog/">Main</a>
| <a href="http://www.avocado8.com/blog/archives/2008/02/updates_from_beanerworld.html">Updates From Beanerworld &raquo;</a>

</div>
<div id="banner">
<h1><a href="http://www.avocado8.com/blog/" accesskey="1">avocado<span class="innards">8</span></a></h1>
</div>

<div id="content">
<div class="blog">


<div class="blogbody">

<h3 class="title">Not The Answer I Expected</h3>

<p>
The Beaner approaches with his sneakers on his hands, clapping them together.
</p>
<p>
Me: "Whatcha got there?"
</p>

<p>
Beaner: "I've got some drums!"
</p>

<div class="posted">Posted by Lori in <a href="http://www.avocado8.com/blog/archives/parenthood/">parenthood</a> at  7:41 AM  on <strong>February 21, 2008</strong></div>
</div>

<div id="commentArea">
<h2 class="comments-head"><a id="comments"></a>Comments</h2>

<a id="c11100"></a>
<div class="comments-body">
<p>LOL I can't do anything but laugh. Picturing that is as funny as it sounds.</p>
<p class="comments-post">Posted by: eson  at February 21, 2008  5:52 PM</p>
</div>
<a id="c11103"></a>
<div class="comments-body">
<p>He can come rock our drums whenever you guys are back in town.</p>
<p class="comments-post">Posted by: <a href="http://www.sarahandthegoonsquad.com/" rel="nofollow">Sarah, Goon Squad Sarah</a>  at February 21, 2008  9:42 PM</p>
</div>

    


</div>
</div>
</div>

<div id="menu" style="margin-bottom:20px;clear:both;">
<a href="http://www.avocado8.com/blog/archives/2008/02/counting_1_2_3.html">&laquo; Counting, 1, 2, 3</a> |

<a href="http://www.avocado8.com/blog/">Main</a>
| <a href="http://www.avocado8.com/blog/archives/2008/02/updates_from_beanerworld.html">Updates From Beanerworld &raquo;</a>

</div>
</body>
</html>
